// Jest Snapshot v1, https://goo.gl/fbAQLP

exports[`Probando el componente <addCategory /> Tomando un snapshot del componente <addCategory /> 1`] = `
<form
  onSubmit={[Function]}
>
  <p>
     
     
  </p>
  <input
    onChange={[Function]}
    type="text"
    value=""
  />
</form>
`;
